Microchip MPLAB XC8 Compiler V2.31

Linker command line:

-W-3 --edf=C:\Program Files\Microchip\xc8\v2.31\pic\dat\en_msgs.txt -cn \
  -h+dist/default/production\MPlab.production.sym \
  --cmf=dist/default/production\MPlab.production.cmf -z -w9 --disl=596:off \
  --norlf -Q16F887 -oC:\Users\crade\AppData\Local\Temp\srhk.2 \
  --defsym=__MPLAB_BUILD=1 -Mdist/default/production/MPlab.production.map \
  -E1 -ver=XC8 Compiler --acfsm=1493 -ACODE=00h-07FFhx4 \
  -ASTRCODE=00h-01FFFh -ASTRING=00h-0FFhx32 -ACONST=00h-0FFhx32 \
  -AENTRY=00h-0FFhx32 -ACOMMON=070h-07Fh -ABANK0=020h-06Fh \
  -ABANK1=0A0h-0EFh -ABANK2=0110h-016Fh -ABANK3=0190h-01EFh \
  -ARAM=020h-06Fh,0A0h-0EFh,0110h-016Fh,0190h-01EFh \
  -AABS1=020h-07Fh,0A0h-0EFh,0110h-016Fh,0190h-01EFh -ASFR0=00h-01Fh \
  -ASFR1=080h-09Fh -ASFR2=0100h-010Fh -ASFR3=0180h-018Fh \
  -ACONFIG=02007h-02008h -DCONFIG=2 -AIDLOC=02000h-02003h -DIDLOC=2 \
  -AEEDATA=00h-0FFh/02100h -peeprom_data=EEDATA -DEEDATA=2 -DCODE=2 \
  -DSTRCODE=2 -DSTRING=2 -DCONST=2 -DENTRY=2 \
  -preset_vec=00h,intentry,init,end_init -ppowerup=CODE -pcinit=CODE \
  -pfunctab=ENTRY -k C:\Users\crade\AppData\Local\Temp\srhk.o \
  dist/default/production\MPlab.production.o 

Object code version is 3.11

Machine type is 16F887



                Name                               Link     Load   Length Selector   Space Scale
C:\Users\crade\AppData\Local\Temp\srhk.o
                end_init                              8        8        4        0       0
                config                             2007     2007        2        0       4
dist/default/production\MPlab.production.o
                cinit                               7FB      7FB        5      FF6       0
                intentry                              0        0        8        0       0
                config                             2007     2007        2        0       4
                text2                               7DF      7DF       1C      FBE       0
                text1                               7BF      7BF        E      F7E       0
                maintext                            7CD      7CD       12      F9A       0
                cstackCOMMON                         70       70        3       70       1
                bssCOMMON                            73       73        1       70       1

TOTAL           Name                               Link     Load   Length     Space
        CLASS   CODE           
                end_init                              8        8        4         0
                cinit                               7FB      7FB        5         0
                intentry                              0        0        8         0
                text2                               7DF      7DF       1C         0
                text1                               7BF      7BF        E         0
                maintext                            7CD      7CD       12         0

        CLASS   STRCODE        

        CLASS   STRING         

        CLASS   CONST          

        CLASS   ENTRY          

        CLASS   COMMON         
                cstackCOMMON                         70       70        3         1
                bssCOMMON                            73       73        1         1

        CLASS   BANK0          

        CLASS   BANK1          

        CLASS   BANK2          

        CLASS   BANK3          

        CLASS   RAM            

        CLASS   ABS1           
                abs_s1                               7E       7E        2         1

        CLASS   SFR0           

        CLASS   SFR1           

        CLASS   SFR2           

        CLASS   SFR3           

        CLASS   CONFIG         
                config                             2007     2007        2         4

        CLASS   IDLOC          

        CLASS   EEDATA         

        CLASS   STACK          



SEGMENTS        Name                           Load    Length   Top    Selector   Space  Class     Delta

                reset_vec                      000000  00000C  00000C         0       0  CODE        2
                cstackCOMMON                   000070  000004  000074        70       1  COMMON      1
                text1                          0007BF  00000E  0007CD       F7E       0  CODE        2
                maintext                       0007CD  000012  0007DF       F9A       0  CODE        2
                text2                          0007DF  00001C  0007FB       FBE       0  CODE        2
                cinit                          0007FB  000005  000800       FF6       0  CODE        2


UNUSED ADDRESS RANGES

        Name                Unused          Largest block    Delta
        BANK0            0020-006F             50           1
        BANK1            00A0-00EF             50           1
        BANK2            0110-016F             60           1
        BANK3            0190-01EF             60           1
        CODE             000C-07BE            7B3           2
                         0800-1FFF            800
        COMMON           0074-007D              A           1
        CONST            000C-07BE            100           2
                         0800-1FFF            100
        EEDATA           2100-21FF            100           2
        ENTRY            000C-07BE            100           2
                         0800-1FFF            100
        IDLOC            2000-2003              4           2
        RAM              0020-006F             50           1
                         00A0-00EF             50
                         0110-016F             60
                         0190-01EF             60
        SFR0             0000-001F             20           1
        SFR1             0080-009F             20           1
        SFR2             0100-010F             10           1
        SFR3             0180-018F             10           1
        STRCODE          000C-07BE            7B3           2
                         0800-1FFF           1800
        STRING           000C-07BE            100           2
                         0800-1FFF            100

                                  Symbol Table

__Habs1                  abs1         0000
__Hbank0                 bank0        0000
__Hbank1                 bank1        0000
__Hbank2                 bank2        0000
__Hbank3                 bank3        0000
__HbssCOMMON             bssCOMMON    0000
__Hclrtext               clrtext      0000
__Hcode                  code         0000
__Hcommon                common       0000
__HcstackCOMMON          cstackCOMMON 0000
__Heeprom_data           eeprom_data  0000
__Hfunctab               functab      0000
__Hmaintext              maintext     0000
__Hpowerup               powerup      0000
__Hram                   ram          0000
__Hreset_vec             reset_vec    0000
__Hsfr0                  sfr0         0000
__Hsfr1                  sfr1         0000
__Hsfr2                  sfr2         0000
__Hsfr3                  sfr3         0000
__Hspace_2               (abs)        0000
__Hspace_3               (abs)        0000
__Hstack                 stack        0000
__Hstrings               strings      0000
__Htext                  text         0000
__Labs1                  abs1         0000
__Lbank0                 bank0        0000
__Lbank1                 bank1        0000
__Lbank2                 bank2        0000
__Lbank3                 bank3        0000
__LbssCOMMON             bssCOMMON    0000
__Lclrtext               clrtext      0000
__Lcode                  code         0000
__Lcommon                common       0000
__Lconfig                config       0000
__LcstackCOMMON          cstackCOMMON 0000
__Leeprom_data           eeprom_data  0000
__Lfunctab               functab      0000
__Lintentry              intentry     0000
__Lmaintext              maintext     0000
__Lpowerup               powerup      0000
__Lram                   ram          0000
__Lreset_vec             reset_vec    0000
__Lsfr0                  sfr0         0000
__Lsfr1                  sfr1         0000
__Lsfr2                  sfr2         0000
__Lsfr3                  sfr3         0000
__Lspace_0               (abs)        0000
__Lspace_1               (abs)        0000
__Lspace_2               (abs)        0000
__Lspace_3               (abs)        0000
__Lspace_4               (abs)        0000
__Lstack                 stack        0000
__Lstrings               strings      0000
__Ltext                  text         0000
__S3                     (abs)        0000
___int_sp                stack        0000
___sp                    stack        0000
___stackhi               (abs)        0000
___stacklo               (abs)        0000
__pintentry              intentry     0000
__size_of_ISR            (abs)        0000
__size_of_Setup          (abs)        0000
__size_of_main           (abs)        0000
_config_INTB                              
___latbits               (abs)        0002
_PORTB                   (abs)        0006
_PORTBbits               (abs)        0006
_PORTD                   (abs)        0008
_INTCON                  (abs)        000B
_INTCONbits              (abs)        000B
__Hinit                  init         0008
__Hintentry              intentry     0008
__Lend_init              end_init     0008
__Linit                  init         0008
__Hend_init              end_init     000C
__pcstackCOMMON          cstackCOMMON 0070
__pbssCOMMON             bssCOMMON    0073
_contador                bssCOMMON    0073
__Hspace_1               (abs)        0074
__S1                     (abs)        0074
btemp                    (abs)        007E
_TRISB                   (abs)        0086
_TRISD                   (abs)        0088
_IOCB                    (abs)        0096
__Hspace_0               (abs)        0800
__S0                     (abs)        0800
_Setup                   text1        07BF
__ptext1                 text1        07BF
__end_of_Setup           text1        07CD
__pmaintext              maintext     07CD
_main                    maintext     07CD
_ISR                     text2        07DF
__end_of_main            maintext     07DF
__ptext2                 text2        07DF
__Lcinit                 cinit        07FB
__end_of_ISR             text2        07FB
__initialization         cinit        07FB
__end_of__initialization cinit        07FC
__Hcinit                 cinit        0800
__Hspace_4               (abs)        4010
__Hconfig                config       2009
interrupt_function       intentry     0000
intlevel0                functab      0000
intlevel1                functab      0000
intlevel2                functab      0000
intlevel3                functab      0000
intlevel4                functab      0000
intlevel5                functab      0000
reset_vec                reset_vec    0000
start                    init         0008
saved_w                  (abs)        007E
end_of_initialization    cinit        07FC
start_initialization     cinit        07FB
wtemp0                   (abs)        007E
