Microchip MPLAB XC8 Compiler V2.31

Linker command line:

-W-3 --edf=C:\Program Files\Microchip\xc8\v2.31\pic\dat\en_msgs.txt -cn \
  -h+dist/default/production\MAESTRO.X.production.sym \
  --cmf=dist/default/production\MAESTRO.X.production.cmf -z -Q16F887 \
  -oC:\Users\crade\AppData\Local\Temp\slfk.2 --defsym=__MPLAB_BUILD=1 \
  -Mdist/default/production/MAESTRO.X.production.map -E1 -ver=XC8 Compiler \
  --acfsm=1493 -ASTACK=0110h-016Fh -pstack=STACK -ACODE=00h-07FFhx4 \
  -ASTRCODE=00h-01FFFh -ASTRING=00h-0FFhx32 -ACONST=00h-0FFhx32 \
  -AENTRY=00h-0FFhx32 -ACOMMON=070h-07Fh -ABANK0=020h-06Fh \
  -ABANK1=0A0h-0EFh -ABANK2=0110h-016Fh -ABANK3=0190h-01EFh \
  -ARAM=020h-06Fh,0A0h-0EFh,0110h-016Fh,0190h-01EFh \
  -AABS1=020h-07Fh,0A0h-0EFh,0110h-016Fh,0190h-01EFh -ASFR0=00h-01Fh \
  -ASFR1=080h-09Fh -ASFR2=0100h-010Fh -ASFR3=0180h-018Fh \
  -ACONFIG=02007h-02008h -DCONFIG=2 -AIDLOC=02000h-02003h -DIDLOC=2 \
  -AEEDATA=00h-0FFh/02100h -peeprom_data=EEDATA -DEEDATA=2 -DCODE=2 \
  -DSTRCODE=2 -DSTRING=2 -DCONST=2 -DENTRY=2 \
  -preset_vec=00h,intentry=04h,init,end_init -ppowerup=CODE -pcinit=CODE \
  -pfunctab=ENTRY -k C:\Users\crade\AppData\Local\Temp\slfk.o \
  dist/default/production\MAESTRO.X.production.o 

Object code version is 3.11

Machine type is 16F887



                Name                               Link     Load   Length Selector   Space Scale
C:\Users\crade\AppData\Local\Temp\slfk.o
                end_init                              E        E        3        8       0
                reset_vec                             0        0        3        0       0
                config                             2007     2007        2        0       4
dist/default/production\MAESTRO.X.production.o
                cinit                                11       11       15        8       0
                intentry                              4        4        A        8       0
                config                             2007     2007        2        0       4
                text21                              B6B      B6B       21     16D6       0
                text20                              B02      B02       10     1604       0
                text19                              B24      B24       13     1648       0
                text18                              C39      C39       31     1872       0
                text17                              B37      B37       14     166E       0
                text16                              BDC      BDC       2D     17B8       0
                text15                              C09      C09       30     1812       0
                text14                              AF6      AF6        C     15EC       0
                text13                              B4B      B4B       20     1696       0
                text12                              DDB      DDB       9D     1BB6       0
                text11                              CEC      CEC       73     19D8       0
                text10                              564      564      1DD        8       0
                text9                               BB3      BB3       29     1766       0
                text8                                26       26      361        8       0
                text7                               D5F      D5F       7C     1ABE       0
                text6                               741      741       BC        8       0
                text5                               CA6      CA6       46     194C       0
                text4                               C6A      C6A       3C     18D4       0
                text3                               B8C      B8C       27     1718       0
                text2                               B12      B12       12     1624       0
                text1                               E78      E78      188     1CF0       0
                maintext                            387      387      1DD        8       0
                cstackBANK0                          20       20       46       20       1
                cstackCOMMON                         70       70        7       70       1
                cstackBANK1                          BB       BB        B       A0       1
                clrtext                             AEE      AEE        8     15DC       0
                bssBANK1                             A0       A0       1B       A0       1
                bssBANK0                             66       66        3       20       1
                bssCOMMON                            77       77        3       70       1
                strings                             800      800       42     1000       0

TOTAL           Name                               Link     Load   Length     Space
        CLASS   STACK          

        CLASS   CODE           
                end_init                              E        E        3         0
                cinit                                11       11       15         0
                intentry                              4        4        A         0
                reset_vec                             0        0        3         0
                text21                              B6B      B6B       21         0
                text20                              B02      B02       10         0
                text19                              B24      B24       13         0
                text18                              C39      C39       31         0
                text17                              B37      B37       14         0
                text16                              BDC      BDC       2D         0
                text15                              C09      C09       30         0
                text14                              AF6      AF6        C         0
                text13                              B4B      B4B       20         0
                text12                              DDB      DDB       9D         0
                text11                              CEC      CEC       73         0
                text10                              564      564      1DD         0
                text9                               BB3      BB3       29         0
                text8                                26       26      361         0
                text7                               D5F      D5F       7C         0
                text6                               741      741       BC         0
                text5                               CA6      CA6       46         0
                text4                               C6A      C6A       3C         0
                text3                               B8C      B8C       27         0
                text2                               B12      B12       12         0
                text1                               E78      E78      188         0
                maintext                            387      387      1DD         0
                clrtext                             AEE      AEE        8         0

        CLASS   STRCODE        

        CLASS   STRING         
                strings                             800      800       42         0

        CLASS   CONST          

        CLASS   ENTRY          

        CLASS   COMMON         
                cstackCOMMON                         70       70        7         1
                bssCOMMON                            77       77        3         1

        CLASS   BANK0          
                cstackBANK0                          20       20       46         1
                bssBANK0                             66       66        3         1

        CLASS   BANK1          
                cstackBANK1                          BB       BB        B         1
                bssBANK1                             A0       A0       1B         1

        CLASS   BANK2          

        CLASS   BANK3          

        CLASS   RAM            

        CLASS   ABS1           
                abs_s1                               7E       7E        2         1

        CLASS   SFR0           

        CLASS   SFR1           

        CLASS   SFR2           

        CLASS   SFR3           

        CLASS   CONFIG         
                config                             2007     2007        2         4

        CLASS   IDLOC          

        CLASS   EEDATA         



SEGMENTS        Name                           Load    Length   Top    Selector   Space  Class     Delta

                reset_vec                      000000  000003  000003         0       0  CODE        2
                intentry                       000004  0007F9  0007FD         8       0  CODE        2
                cstackBANK0                    000020  000049  000069        20       1  BANK0       1
                cstackCOMMON                   000070  00000A  00007A        70       1  COMMON      1
                bssBANK1                       0000A0  000026  0000C6        A0       1  BANK1       1
                strings                        000800  000042  000842      1000       0  STRING      2
                clrtext                        000AEE  000008  000AF6      15DC       0  CODE        2
                text14                         000AF6  00000C  000B02      15EC       0  CODE        2
                text20                         000B02  000010  000B12      1604       0  CODE        2
                text2                          000B12  000012  000B24      1624       0  CODE        2
                text19                         000B24  000013  000B37      1648       0  CODE        2
                text17                         000B37  000014  000B4B      166E       0  CODE        2
                text13                         000B4B  000020  000B6B      1696       0  CODE        2
                text21                         000B6B  000021  000B8C      16D6       0  CODE        2
                text3                          000B8C  000027  000BB3      1718       0  CODE        2
                text9                          000BB3  000029  000BDC      1766       0  CODE        2
                text16                         000BDC  00002D  000C09      17B8       0  CODE        2
                text15                         000C09  000030  000C39      1812       0  CODE        2
                text18                         000C39  000031  000C6A      1872       0  CODE        2
                text4                          000C6A  00003C  000CA6      18D4       0  CODE        2
                text5                          000CA6  000046  000CEC      194C       0  CODE        2
                text11                         000CEC  000073  000D5F      19D8       0  CODE        2
                text7                          000D5F  00007C  000DDB      1ABE       0  CODE        2
                text12                         000DDB  00009D  000E78      1BB6       0  CODE        2
                text1                          000E78  000188  001000      1CF0       0  CODE        2


UNUSED ADDRESS RANGES

        Name                Unused          Largest block    Delta
        BANK0            0069-006F              7           1
        BANK1            00C6-00EF             2A           1
        BANK2            0110-016F             60           1
        BANK3            0190-01EF             60           1
        CODE             0003-0003              1           2
                         07FD-07FF              3
                         0842-0AED            2AC
                         1000-1FFF            800
        COMMON           007A-007D              4           1
        CONST            0003-0003              1           2
                         07FD-07FF              3
                         0842-0AED            100
                         1000-1FFF            100
        EEDATA           2100-21FF            100           2
        ENTRY            0003-0003              1           2
                         07FD-07FF              3
                         0842-0AED            100
                         1000-1FFF            100
        IDLOC            2000-2003              4           2
        RAM              0069-006F              7           1
                         00C6-00EF             2A
                         0110-016F             60
                         0190-01EF             60
        SFR0             0000-001F             20           1
        SFR1             0080-009F             20           1
        SFR2             0100-010F             10           1
        SFR3             0180-018F             10           1
        STACK            0110-016F             60           1
        STRCODE          0003-0003              1           2
                         07FD-07FF              3
                         0842-0AED            2AC
                         1000-1FFF           1000
        STRING           0003-0003              1           2
                         07FD-07FF              3
                         0842-0AED            100
                         1000-1FFF            100

                                  Symbol Table

?__Umul8_16                cstackCOMMON 0074
?___aldiv                  cstackBANK0  0020
?___fldiv                  cstackBANK0  0041
?___flmul                  cstackBANK0  0027
?___fltol                  cstackBANK0  005B
?___lwdiv                  cstackBANK0  0020
?___lwmod                  cstackBANK0  0027
?___wmul                   cstackBANK0  0020
?___xxtofl                 cstackBANK0  0020
?_sprintf                  cstackBANK0  002B
LCDGoto@ln                 cstackBANK0  0022
LCDGoto@pos                cstackBANK0  0027
LCDPutChar@ch              cstackCOMMON 0076
LCDPutCmd@ch               cstackCOMMON 0076
LCDPutStr@i                cstackBANK0  0025
LCDPutStr@str              cstackBANK0  0022
LCDWrite@ch                cstackCOMMON 0075
LCDWrite@rs                cstackCOMMON 0074
USART_Initialize@baudrate  cstackBANK0  002E
USART_Initialize@x         cstackBANK0  003E
_ANSEL                     (abs)        0188
_ANSELH                    (abs)        0189
_BAUDCTLbits               (abs)        0187
_INTCONbits                (abs)        000B
_IOCB                      (abs)        0096
_LCDGoto                   text18       0C39
_LCDGoto$524               cstackBANK0  0025
_LCDPutChar                text17       0B37
_LCDPutCmd                 text19       0B24
_LCDPutStr                 text16       0BDC
_LCDWrite                  text20       0B02
_LCD_Initialize            text15       0C09
_PIE1bits                  (abs)        008C
_PIR1bits                  (abs)        000C
_PORTA                     (abs)        0005
_PORTB                     (abs)        0006
_PORTBbits                 (abs)        0006
_PORTCbits                 (abs)        0007
_PORTD                     (abs)        0008
_PORTE                     (abs)        0009
_RCSTAbits                 (abs)        0018
_SPBRG                     (abs)        0099
_SPIMas                    text14       0AF6
_SSPBUF                    (abs)        0013
_SSPCON                    (abs)        0014
_SSPSTAT                   (abs)        0094
_SSPSTATbits               (abs)        0094
_Setup                     text13       0B4B
_TRISA                     (abs)        0085
_TRISB                     (abs)        0086
_TRISCbits                 (abs)        0087
_TRISD                     (abs)        0088
_TRISE                     (abs)        0089
_TXREG                     (abs)        0019
_TXSTAbits                 (abs)        0098
_USART_Initialize          text11       0CEC
_V1                        bssBANK1     00A0
__Habs1                    abs1         0000
__Hbank0                   bank0        0000
__Hbank1                   bank1        0000
__Hbank2                   bank2        0000
__Hbank3                   bank3        0000
__HbssBANK0                bssBANK0     0000
__HbssBANK1                bssBANK1     0000
__HbssCOMMON               bssCOMMON    0000
__Hcinit                   cinit        0026
__Hclrtext                 clrtext      0000
__Hcode                    code         0000
__Hcommon                  common       0000
__Hconfig                  config       2009
__HcstackBANK0             cstackBANK0  0000
__HcstackBANK1             cstackBANK1  0000
__HcstackCOMMON            cstackCOMMON 0000
__Heeprom_data             eeprom_data  0000
__Hend_init                end_init     0011
__Hfunctab                 functab      0000
__Hinit                    init         000E
__Hintentry                intentry     000E
__Hmaintext                maintext     0000
__Hpowerup                 powerup      0000
__Hram                     ram          0000
__Hreset_vec               reset_vec    0003
__Hsfr0                    sfr0         0000
__Hsfr1                    sfr1         0000
__Hsfr2                    sfr2         0000
__Hsfr3                    sfr3         0000
__Hspace_0                 (abs)        1000
__Hspace_1                 (abs)        00C6
__Hspace_2                 (abs)        0000
__Hspace_3                 (abs)        0000
__Hspace_4                 (abs)        4010
__Hstack                   stack        0000
__Hstrings                 strings      0000
__Htext                    text         0000
__Labs1                    abs1         0000
__Lbank0                   bank0        0000
__Lbank1                   bank1        0000
__Lbank2                   bank2        0000
__Lbank3                   bank3        0000
__LbssBANK0                bssBANK0     0000
__LbssBANK1                bssBANK1     0000
__LbssCOMMON               bssCOMMON    0000
__Lcinit                   cinit        0011
__Lclrtext                 clrtext      0000
__Lcode                    code         0000
__Lcommon                  common       0000
__Lconfig                  config       0000
__LcstackBANK0             cstackBANK0  0000
__LcstackBANK1             cstackBANK1  0000
__LcstackCOMMON            cstackCOMMON 0000
__Leeprom_data             eeprom_data  0000
__Lend_init                end_init     000E
__Lfunctab                 functab      0000
__Linit                    init         000E
__Lintentry                intentry     0004
__Lmaintext                maintext     0000
__Lpowerup                 powerup      0000
__Lram                     ram          0000
__Lreset_vec               reset_vec    0000
__Lsfr0                    sfr0         0000
__Lsfr1                    sfr1         0000
__Lsfr2                    sfr2         0000
__Lsfr3                    sfr3         0000
__Lspace_0                 (abs)        0000
__Lspace_1                 (abs)        0000
__Lspace_2                 (abs)        0000
__Lspace_3                 (abs)        0000
__Lspace_4                 (abs)        0000
__Lstack                   stack        0000
__Lstrings                 strings      0000
__Ltext                    text         0000
__S0                       (abs)        1000
__S1                       (abs)        00C6
__S2                       (abs)        0000
__S3                       (abs)        0000
__Umul8_16                 text9        0BB3
__Umul8_16@multiplicand    cstackCOMMON 0074
__Umul8_16@multiplier      cstackBANK0  0026
__Umul8_16@product         cstackBANK0  0022
__Umul8_16@word_mpld       cstackBANK0  0024
___aldiv                   text12       0DDB
___aldiv@counter           cstackBANK0  0028
___aldiv@dividend          cstackBANK0  0024
___aldiv@divisor           cstackBANK0  0020
___aldiv@quotient          cstackBANK0  002A
___aldiv@sign              cstackBANK0  0029
___fldiv                   text10       0564
___fldiv@a                 cstackBANK0  0041
___fldiv@aexp              cstackBANK0  005A
___fldiv@b                 cstackBANK0  0045
___fldiv@bexp              cstackBANK0  0059
___fldiv@grs               cstackBANK0  0055
___fldiv@new_exp           cstackBANK0  0053
___fldiv@rem               cstackBANK0  004E
___fldiv@sign              cstackBANK0  0052
___flmul                   text8        0026
___flmul@a                 cstackBANK0  002B
___flmul@aexp              cstackBANK0  0035
___flmul@b                 cstackBANK0  0027
___flmul@bexp              cstackBANK0  003A
___flmul@grs               cstackBANK0  0036
___flmul@prod              cstackBANK0  003B
___flmul@sign              cstackBANK0  0034
___flmul@temp              cstackBANK0  003F
___fltol                   text7        0D5F
___fltol@exp1              cstackBANK0  0065
___fltol@f1                cstackBANK0  005B
___fltol@sign1             cstackBANK0  0064
___int_sp                  stack        0000
___latbits                 (abs)        0002
___lwdiv                   text5        0CA6
___lwdiv@counter           cstackBANK0  0024
___lwdiv@dividend          cstackBANK0  0022
___lwdiv@divisor           cstackBANK0  0020
___lwdiv@quotient          cstackBANK0  0025
___lwmod                   text4        0C6A
___lwmod@counter           cstackCOMMON 0076
___lwmod@dividend          cstackBANK0  0029
___lwmod@divisor           cstackBANK0  0027
___sp                      stack        0000
___stackhi                 (abs)        0000
___stacklo                 (abs)        0000
___wmul                    text3        0B8C
___wmul@multiplicand       cstackBANK0  0022
___wmul@multiplier         cstackBANK0  0020
___wmul@product            cstackCOMMON 0074
___xxtofl                  text6        0741
___xxtofl@arg              cstackBANK0  002A
___xxtofl@exp              cstackBANK0  0029
___xxtofl@sign             cstackBANK0  0028
___xxtofl@val              cstackBANK0  0020
__end_of_LCDGoto           text18       0C6A
__end_of_LCDPutChar        text17       0B4B
__end_of_LCDPutCmd         text19       0B37
__end_of_LCDPutStr         text16       0C09
__end_of_LCDWrite          text20       0B12
__end_of_LCD_Initialize    text15       0C39
__end_of_SPIMas            text14       0B02
__end_of_Setup             text13       0B6B
__end_of_USART_Initialize  text11       0D5F
__end_of__Umul8_16         text9        0BDC
__end_of___aldiv           text12       0E78
__end_of___fldiv           text10       0741
__end_of___flmul           text8        0387
__end_of___fltol           text7        0DDB
__end_of___lwdiv           text5        0CEC
__end_of___lwmod           text4        0CA6
__end_of___wmul            text3        0BB3
__end_of___xxtofl          text6        07FD
__end_of__initialization   cinit        0022
__end_of__stringtab        strings      0810
__end_of_dpowers           strings      081A
__end_of_isdigit           text2        0B24
__end_of_main              maintext     0564
__end_of_myISR             text21       0B8C
__end_of_sprintf           text1        1000
__initialization           cinit        0011
__pbssBANK0                bssBANK0     0066
__pbssBANK1                bssBANK1     00A0
__pbssCOMMON               bssCOMMON    0077
__pcstackBANK0             cstackBANK0  0020
__pcstackBANK1             cstackBANK1  00BB
__pcstackCOMMON            cstackCOMMON 0070
__pintentry                intentry     0004
__pmaintext                maintext     0387
__pstrings                 strings      0800
__ptext1                   text1        0E78
__ptext10                  text10       0564
__ptext11                  text11       0CEC
__ptext12                  text12       0DDB
__ptext13                  text13       0B4B
__ptext14                  text14       0AF6
__ptext15                  text15       0C09
__ptext16                  text16       0BDC
__ptext17                  text17       0B37
__ptext18                  text18       0C39
__ptext19                  text19       0B24
__ptext2                   text2        0B12
__ptext20                  text20       0B02
__ptext21                  text21       0B6B
__ptext3                   text3        0B8C
__ptext4                   text4        0C6A
__ptext5                   text5        0CA6
__ptext6                   text6        0741
__ptext7                   text7        0D5F
__ptext8                   text8        0026
__ptext9                   text9        0BB3
__size_of_LCDGoto          (abs)        0000
__size_of_LCDPutChar       (abs)        0000
__size_of_LCDPutCmd        (abs)        0000
__size_of_LCDPutStr        (abs)        0000
__size_of_LCDWrite         (abs)        0000
__size_of_LCD_Initialize   (abs)        0000
__size_of_SPIMas           (abs)        0000
__size_of_Setup            (abs)        0000
__size_of_USART_Initialize (abs)        0000
__size_of__Umul8_16        (abs)        0000
__size_of___aldiv          (abs)        0000
__size_of___fldiv          (abs)        0000
__size_of___flmul          (abs)        0000
__size_of___fltol          (abs)        0000
__size_of___lwdiv          (abs)        0000
__size_of___lwmod          (abs)        0000
__size_of___wmul           (abs)        0000
__size_of___xxtofl         (abs)        0000
__size_of_isdigit          (abs)        0000
__size_of_main             (abs)        0000
__size_of_myISR            (abs)        0000
__size_of_sprintf          (abs)        0000
__stringbase               strings      080F
__stringtab                strings      0800
_buff                      bssBANK1     00A7
_c1                        bssCOMMON    0079
_c2                        bssBANK0     0067
_dpowers                   strings      0810
_isdigit                   text2        0B12
_isdigit$993               cstackCOMMON 0074
_main                      maintext     0387
_myISR                     text21       0B6B
_sprintf                   text1        0E78
_temp                      bssBANK0     0066
_v                         bssBANK0     0068
_valores                   bssBANK1     00A4
_vint                      bssCOMMON    0077
btemp                      (abs)        007E
clear_ram0                 clrtext      0AEE
end_of_initialization      cinit        0022
interrupt_function         intentry     0004
intlevel0                  functab      0000
intlevel1                  functab      0000
intlevel2                  functab      0000
intlevel3                  functab      0000
intlevel4                  functab      0000
intlevel5                  functab      0000
isdigit@c                  cstackCOMMON 0075
reset_vec                  reset_vec    0000
saved_w                    (abs)        007E
sprintf@ap                 cstackBANK0  0039
sprintf@c                  cstackBANK0  0041
sprintf@f                  cstackBANK0  002B
sprintf@flag               cstackBANK0  003B
sprintf@prec               cstackBANK0  003A
sprintf@sp                 cstackBANK0  003E
sprintf@val                cstackBANK0  003C
sprintf@width              cstackBANK0  003F
start                      init         000E
start_initialization       cinit        0011
wtemp0                     (abs)        007E


FUNCTION INFORMATION:

 *************** function _main *****************
 Defined at:
		line 108 in file "MAESTRO.c"
 Parameters:    Size  Location     Type
		None
 Auto vars:     Size  Location     Type
		None
 Return value:  Size  Location     Type
                  1    wreg      void 
 Registers used:
		wreg, fsr0l, fsr0h, status,2, status,0, btemp+1, pclath, cstack
 Tracked objects:
		On entry : 
		On exit  : 
		Unchanged: 
 Data sizes:     COMMON   BANK0   BANK1   BANK3   BANK2
      Params:         0       0       0       0       0
      Locals:         0       0       0       0       0
      Temps:          0       0      11       0       0
      Totals:         0       0      11       0       0
Total ram usage:       11 bytes
 Hardware stack levels required when called:    4
 This function calls:
		_LCDGoto
		_LCDPutStr
		_LCD_Initialize
		_SPIMas
		_Setup
		_USART_Initialize
		___fldiv
		___flmul
		___fltol
		___lwdiv
		___lwmod
		___xxtofl
		_sprintf
 This function is called by:
		Startup code after reset
 This function uses a non-reentrant model


 *************** function _sprintf *****************
 Defined at:
		line 505 in file "C:\Program Files\Microchip\xc8\v2.31\pic\sources\c90\common\doprnt.c"
 Parameters:    Size  Location     Type
  sp              1    wreg     PTR unsigned char 
		 -> buff(20), 
  f               1   11[BANK0 ] PTR const unsigned char 
		 -> STR_2(21), 
 Auto vars:     Size  Location     Type
  sp              1   30[BANK0 ] PTR unsigned char 
		 -> buff(20), 
  tmpval          4    0        struct .
  width           2   31[BANK0 ] int 
  val             2   28[BANK0 ] unsigned int 
  cp              2    0        PTR const unsigned char 
  len             2    0        unsigned int 
  c               1   33[BANK0 ] unsigned char 
  flag            1   27[BANK0 ] unsigned char 
  prec            1   26[BANK0 ] char 
  ap              1   25[BANK0 ] PTR void [1]
		 -> ?_sprintf(2), 
 Return value:  Size  Location     Type
                  2   11[BANK0 ] int 
 Registers used:
		wreg, fsr0l, fsr0h, status,2, status,0, btemp+1, pclath, cstack
 Tracked objects:
		On entry : 
		On exit  : 
		Unchanged: 
 Data sizes:     COMMON   BANK0   BANK1   BANK3   BANK2
      Params:         0      11       0       0       0
      Locals:         0       9       0       0       0
      Temps:          0       3       0       0       0
      Totals:         0      23       0       0       0
Total ram usage:       23 bytes
 Hardware stack levels used:    1
 Hardware stack levels required when called:    2
 This function calls:
		___lwdiv
		___lwmod
		___wmul
		_isdigit
 This function is called by:
		_main
 This function uses a non-reentrant model


 *************** function _isdigit *****************
 Defined at:
		line 8 in file "C:\Program Files\Microchip\xc8\v2.31\pic\sources\c90\common\isdigit.c"
 Parameters:    Size  Location     Type
  c               1    wreg     unsigned char 
 Auto vars:     Size  Location     Type
  c               1    5[COMMON] unsigned char 
 Return value:  Size  Location     Type
		None               void
 Registers used:
		wreg, status,2, status,0
 Tracked objects:
		On entry : 
		On exit  : 
		Unchanged: 
 Data sizes:     COMMON   BANK0   BANK1   BANK3   BANK2
      Params:         0       0       0       0       0
      Locals:         2       0       0       0       0
      Temps:          0       0       0       0       0
      Totals:         2       0       0       0       0
Total ram usage:        2 bytes
 Hardware stack levels used:    1
 Hardware stack levels required when called:    1
 This function calls:
		Nothing
 This function is called by:
		_sprintf
 This function uses a non-reentrant model


 *************** function ___wmul *****************
 Defined at:
		line 15 in file "C:\Program Files\Microchip\xc8\v2.31\pic\sources\c90\common\Umul16.c"
 Parameters:    Size  Location     Type
  multiplier      2    0[BANK0 ] unsigned int 
  multiplicand    2    2[BANK0 ] unsigned int 
 Auto vars:     Size  Location     Type
  product         2    4[COMMON] unsigned int 
 Return value:  Size  Location     Type
                  2    0[BANK0 ] unsigned int 
 Registers used:
		wreg, status,2, status,0
 Tracked objects:
		On entry : 
		On exit  : 
		Unchanged: 
 Data sizes:     COMMON   BANK0   BANK1   BANK3   BANK2
      Params:         0       4       0       0       0
      Locals:         2       0       0       0       0
      Temps:          0       0       0       0       0
      Totals:         2       4       0       0       0
Total ram usage:        6 bytes
 Hardware stack levels used:    1
 Hardware stack levels required when called:    1
 This function calls:
		Nothing
 This function is called by:
		_sprintf
 This function uses a non-reentrant model


 *************** function ___lwmod *****************
 Defined at:
		line 5 in file "C:\Program Files\Microchip\xc8\v2.31\pic\sources\c90\common\lwmod.c"
 Parameters:    Size  Location     Type
  divisor         2    7[BANK0 ] unsigned int 
  dividend        2    9[BANK0 ] unsigned int 
 Auto vars:     Size  Location     Type
  counter         1    6[COMMON] unsigned char 
 Return value:  Size  Location     Type
                  2    7[BANK0 ] unsigned int 
 Registers used:
		wreg, status,2, status,0
 Tracked objects:
		On entry : 
		On exit  : 
		Unchanged: 
 Data sizes:     COMMON   BANK0   BANK1   BANK3   BANK2
      Params:         0       4       0       0       0
      Locals:         1       0       0       0       0
      Temps:          1       0       0       0       0
      Totals:         2       4       0       0       0
Total ram usage:        6 bytes
 Hardware stack levels used:    1
 Hardware stack levels required when called:    1
 This function calls:
		Nothing
 This function is called by:
		_main
		_sprintf
 This function uses a non-reentrant model


 *************** function ___lwdiv *****************
 Defined at:
		line 5 in file "C:\Program Files\Microchip\xc8\v2.31\pic\sources\c90\common\lwdiv.c"
 Parameters:    Size  Location     Type
  divisor         2    0[BANK0 ] unsigned int 
  dividend        2    2[BANK0 ] unsigned int 
 Auto vars:     Size  Location     Type
  quotient        2    5[BANK0 ] unsigned int 
  counter         1    4[BANK0 ] unsigned char 
 Return value:  Size  Location     Type
                  2    0[BANK0 ] unsigned int 
 Registers used:
		wreg, status,2, status,0
 Tracked objects:
		On entry : 
		On exit  : 
		Unchanged: 
 Data sizes:     COMMON   BANK0   BANK1   BANK3   BANK2
      Params:         0       4       0       0       0
      Locals:         0       3       0       0       0
      Temps:          1       0       0       0       0
      Totals:         1       7       0       0       0
Total ram usage:        8 bytes
 Hardware stack levels used:    1
 Hardware stack levels required when called:    1
 This function calls:
		Nothing
 This function is called by:
		_main
		_sprintf
 This function uses a non-reentrant model


 *************** function ___xxtofl *****************
 Defined at:
		line 10 in file "C:\Program Files\Microchip\xc8\v2.31\pic\sources\c90\common\xxtofl.c"
 Parameters:    Size  Location     Type
  sign            1    wreg     unsigned char 
  val             4    0[BANK0 ] long 
 Auto vars:     Size  Location     Type
  sign            1    8[BANK0 ] unsigned char 
  arg             4   10[BANK0 ] unsigned long 
  exp             1    9[BANK0 ] unsigned char 
 Return value:  Size  Location     Type
                  4    0[BANK0 ] unsigned char 
 Registers used:
		wreg, status,2, status,0
 Tracked objects:
		On entry : 
		On exit  : 
		Unchanged: 
 Data sizes:     COMMON   BANK0   BANK1   BANK3   BANK2
      Params:         0       4       0       0       0
      Locals:         0       6       0       0       0
      Temps:          0       4       0       0       0
      Totals:         0      14       0       0       0
Total ram usage:       14 bytes
 Hardware stack levels used:    1
 Hardware stack levels required when called:    1
 This function calls:
		Nothing
 This function is called by:
		_main
 This function uses a non-reentrant model


 *************** function ___fltol *****************
 Defined at:
		line 43 in file "C:\Program Files\Microchip\xc8\v2.31\pic\sources\c90\common\fltol.c"
 Parameters:    Size  Location     Type
  f1              4   59[BANK0 ] unsigned char 
 Auto vars:     Size  Location     Type
  exp1            1   69[BANK0 ] unsigned char 
  sign1           1   68[BANK0 ] unsigned char 
 Return value:  Size  Location     Type
                  4   59[BANK0 ] long 
 Registers used:
		wreg, status,2, status,0
 Tracked objects:
		On entry : 
		On exit  : 
		Unchanged: 
 Data sizes:     COMMON   BANK0   BANK1   BANK3   BANK2
      Params:         0       4       0       0       0
      Locals:         0       2       0       0       0
      Temps:          0       5       0       0       0
      Totals:         0      11       0       0       0
Total ram usage:       11 bytes
 Hardware stack levels used:    1
 Hardware stack levels required when called:    1
 This function calls:
		Nothing
 This function is called by:
		_main
 This function uses a non-reentrant model


 *************** function ___flmul *****************
 Defined at:
		line 8 in file "C:\Program Files\Microchip\xc8\v2.31\pic\sources\c90\common\sprcmul.c"
 Parameters:    Size  Location     Type
  b               4    7[BANK0 ] long 
  a               4   11[BANK0 ] long 
 Auto vars:     Size  Location     Type
  prod            4   27[BANK0 ] struct .
  grs             4   22[BANK0 ] unsigned long 
  temp            2   31[BANK0 ] struct .
  bexp            1   26[BANK0 ] unsigned char 
  aexp            1   21[BANK0 ] unsigned char 
  sign            1   20[BANK0 ] unsigned char 
 Return value:  Size  Location     Type
                  4    7[BANK0 ] unsigned char 
 Registers used:
		wreg, status,2, status,0, btemp+1, pclath, cstack
 Tracked objects:
		On entry : 
		On exit  : 
		Unchanged: 
 Data sizes:     COMMON   BANK0   BANK1   BANK3   BANK2
      Params:         0       8       0       0       0
      Locals:         0      13       0       0       0
      Temps:          0       5       0       0       0
      Totals:         0      26       0       0       0
Total ram usage:       26 bytes
 Hardware stack levels used:    1
 Hardware stack levels required when called:    2
 This function calls:
		__Umul8_16
 This function is called by:
		_main
 This function uses a non-reentrant model


 *************** function __Umul8_16 *****************
 Defined at:
		line 4 in file "C:\Program Files\Microchip\xc8\v2.31\pic\sources\c90\common\Umul8_16.c"
 Parameters:    Size  Location     Type
  multiplier      1    wreg     unsigned char 
  multiplicand    1    4[COMMON] unsigned char 
 Auto vars:     Size  Location     Type
  multiplier      1    6[BANK0 ] unsigned char 
  word_mpld       2    4[BANK0 ] unsigned int 
  product         2    2[BANK0 ] unsigned int 
 Return value:  Size  Location     Type
                  2    4[COMMON] unsigned int 
 Registers used:
		wreg, status,2, status,0
 Tracked objects:
		On entry : 
		On exit  : 
		Unchanged: 
 Data sizes:     COMMON   BANK0   BANK1   BANK3   BANK2
      Params:         2       0       0       0       0
      Locals:         0       5       0       0       0
      Temps:          0       2       0       0       0
      Totals:         2       7       0       0       0
Total ram usage:        9 bytes
 Hardware stack levels used:    1
 Hardware stack levels required when called:    1
 This function calls:
		Nothing
 This function is called by:
		___flmul
 This function uses a non-reentrant model


 *************** function ___fldiv *****************
 Defined at:
		line 8 in file "C:\Program Files\Microchip\xc8\v2.31\pic\sources\c90\common\sprcdiv.c"
 Parameters:    Size  Location     Type
  a               4   33[BANK0 ] unsigned int 
  b               4   37[BANK0 ] unsigned int 
 Auto vars:     Size  Location     Type
  grs             4   53[BANK0 ] unsigned long 
  rem             4   46[BANK0 ] unsigned long 
  new_exp         2   51[BANK0 ] int 
  aexp            1   58[BANK0 ] unsigned char 
  bexp            1   57[BANK0 ] unsigned char 
  sign            1   50[BANK0 ] unsigned char 
 Return value:  Size  Location     Type
                  4   33[BANK0 ] unsigned char 
 Registers used:
		wreg, status,2, status,0, btemp+1
 Tracked objects:
		On entry : 
		On exit  : 
		Unchanged: 
 Data sizes:     COMMON   BANK0   BANK1   BANK3   BANK2
      Params:         0       8       0       0       0
      Locals:         0      13       0       0       0
      Temps:          0       5       0       0       0
      Totals:         0      26       0       0       0
Total ram usage:       26 bytes
 Hardware stack levels used:    1
 Hardware stack levels required when called:    1
 This function calls:
		Nothing
 This function is called by:
		_main
 This function uses a non-reentrant model


 *************** function _USART_Initialize *****************
 Defined at:
		line 13 in file "usart.c"
 Parameters:    Size  Location     Type
  baudrate        4   14[BANK0 ] const long 
 Auto vars:     Size  Location     Type
  x               4   30[BANK0 ] long 
 Return value:  Size  Location     Type
                  1    wreg      void 
 Registers used:
		wreg, status,2, status,0, pclath, cstack
 Tracked objects:
		On entry : 
		On exit  : 
		Unchanged: 
 Data sizes:     COMMON   BANK0   BANK1   BANK3   BANK2
      Params:         0       4       0       0       0
      Locals:         0       4       0       0       0
      Temps:          0      12       0       0       0
      Totals:         0      20       0       0       0
Total ram usage:       20 bytes
 Hardware stack levels used:    1
 Hardware stack levels required when called:    2
 This function calls:
		___aldiv
 This function is called by:
		_main
 This function uses a non-reentrant model


 *************** function ___aldiv *****************
 Defined at:
		line 5 in file "C:\Program Files\Microchip\xc8\v2.31\pic\sources\c90\common\aldiv.c"
 Parameters:    Size  Location     Type
  divisor         4    0[BANK0 ] long 
  dividend        4    4[BANK0 ] long 
 Auto vars:     Size  Location     Type
  quotient        4   10[BANK0 ] long 
  sign            1    9[BANK0 ] unsigned char 
  counter         1    8[BANK0 ] unsigned char 
 Return value:  Size  Location     Type
                  4    0[BANK0 ] long 
 Registers used:
		wreg, status,2, status,0
 Tracked objects:
		On entry : 
		On exit  : 
		Unchanged: 
 Data sizes:     COMMON   BANK0   BANK1   BANK3   BANK2
      Params:         0       8       0       0       0
      Locals:         0       6       0       0       0
      Temps:          1       0       0       0       0
      Totals:         1      14       0       0       0
Total ram usage:       15 bytes
 Hardware stack levels used:    1
 Hardware stack levels required when called:    1
 This function calls:
		Nothing
 This function is called by:
		_USART_Initialize
 This function uses a non-reentrant model


 *************** function _Setup *****************
 Defined at:
		line 62 in file "MAESTRO.c"
 Parameters:    Size  Location     Type
		None
 Auto vars:     Size  Location     Type
		None
 Return value:  Size  Location     Type
                  1    wreg      void 
 Registers used:
		status,2
 Tracked objects:
		On entry : 
		On exit  : 
		Unchanged: 
 Data sizes:     COMMON   BANK0   BANK1   BANK3   BANK2
      Params:         0       0       0       0       0
      Locals:         0       0       0       0       0
      Temps:          0       0       0       0       0
      Totals:         0       0       0       0       0
Total ram usage:        0 bytes
 Hardware stack levels used:    1
 Hardware stack levels required when called:    1
 This function calls:
		Nothing
 This function is called by:
		_main
 This function uses a non-reentrant model


 *************** function _SPIMas *****************
 Defined at:
		line 11 in file "SPI.c"
 Parameters:    Size  Location     Type
		None
 Auto vars:     Size  Location     Type
		None
 Return value:  Size  Location     Type
                  1    wreg      void 
 Registers used:
		wreg, status,2
 Tracked objects:
		On entry : 
		On exit  : 
		Unchanged: 
 Data sizes:     COMMON   BANK0   BANK1   BANK3   BANK2
      Params:         0       0       0       0       0
      Locals:         0       0       0       0       0
      Temps:          0       0       0       0       0
      Totals:         0       0       0       0       0
Total ram usage:        0 bytes
 Hardware stack levels used:    1
 Hardware stack levels required when called:    1
 This function calls:
		Nothing
 This function is called by:
		_main
 This function uses a non-reentrant model


 *************** function _LCD_Initialize *****************
 Defined at:
		line 47 in file "lcd.c"
 Parameters:    Size  Location     Type
		None
 Auto vars:     Size  Location     Type
		None
 Return value:  Size  Location     Type
                  1    wreg      void 
 Registers used:
		wreg, status,2, status,0, pclath, cstack
 Tracked objects:
		On entry : 
		On exit  : 
		Unchanged: 
 Data sizes:     COMMON   BANK0   BANK1   BANK3   BANK2
      Params:         0       0       0       0       0
      Locals:         0       0       0       0       0
      Temps:          0       2       0       0       0
      Totals:         0       2       0       0       0
Total ram usage:        2 bytes
 Hardware stack levels used:    1
 Hardware stack levels required when called:    3
 This function calls:
		_LCDPutCmd
 This function is called by:
		_main
 This function uses a non-reentrant model


 *************** function _LCDPutStr *****************
 Defined at:
		line 110 in file "lcd.c"
 Parameters:    Size  Location     Type
  str             2    2[BANK0 ] PTR const unsigned char 
		 -> STR_1(19), buff(20), 
 Auto vars:     Size  Location     Type
  i               1    5[BANK0 ] unsigned char 
 Return value:  Size  Location     Type
                  1    wreg      void 
 Registers used:
		wreg, fsr0l, fsr0h, status,2, status,0, btemp+1, pclath, cstack
 Tracked objects:
		On entry : 
		On exit  : 
		Unchanged: 
 Data sizes:     COMMON   BANK0   BANK1   BANK3   BANK2
      Params:         0       2       0       0       0
      Locals:         0       1       0       0       0
      Temps:          0       1       0       0       0
      Totals:         0       4       0       0       0
Total ram usage:        4 bytes
 Hardware stack levels used:    1
 Hardware stack levels required when called:    3
 This function calls:
		_LCDPutChar
 This function is called by:
		_main
 This function uses a non-reentrant model


 *************** function _LCDPutChar *****************
 Defined at:
		line 94 in file "lcd.c"
 Parameters:    Size  Location     Type
  ch              1    wreg     unsigned char 
 Auto vars:     Size  Location     Type
  ch              1    6[COMMON] unsigned char 
 Return value:  Size  Location     Type
                  1    wreg      void 
 Registers used:
		wreg, status,2, status,0, pclath, cstack
 Tracked objects:
		On entry : 
		On exit  : 
		Unchanged: 
 Data sizes:     COMMON   BANK0   BANK1   BANK3   BANK2
      Params:         0       0       0       0       0
      Locals:         1       0       0       0       0
      Temps:          0       2       0       0       0
      Totals:         1       2       0       0       0
Total ram usage:        3 bytes
 Hardware stack levels used:    1
 Hardware stack levels required when called:    2
 This function calls:
		_LCDWrite
 This function is called by:
		_LCDPutStr
 This function uses a non-reentrant model


 *************** function _LCDGoto *****************
 Defined at:
		line 122 in file "lcd.c"
 Parameters:    Size  Location     Type
  pos             1    wreg     unsigned char 
  ln              1    2[BANK0 ] unsigned char 
 Auto vars:     Size  Location     Type
  pos             1    7[BANK0 ] unsigned char 
 Return value:  Size  Location     Type
                  1    wreg      void 
 Registers used:
		wreg, status,2, status,0, pclath, cstack
 Tracked objects:
		On entry : 
		On exit  : 
		Unchanged: 
 Data sizes:     COMMON   BANK0   BANK1   BANK3   BANK2
      Params:         0       1       0       0       0
      Locals:         0       3       0       0       0
      Temps:          0       2       0       0       0
      Totals:         0       6       0       0       0
Total ram usage:        6 bytes
 Hardware stack levels used:    1
 Hardware stack levels required when called:    3
 This function calls:
		_LCDPutCmd
 This function is called by:
		_main
 This function uses a non-reentrant model


 *************** function _LCDPutCmd *****************
 Defined at:
		line 102 in file "lcd.c"
 Parameters:    Size  Location     Type
  ch              1    wreg     unsigned char 
 Auto vars:     Size  Location     Type
  ch              1    6[COMMON] unsigned char 
 Return value:  Size  Location     Type
                  1    wreg      void 
 Registers used:
		wreg, status,2, status,0, pclath, cstack
 Tracked objects:
		On entry : 
		On exit  : 
		Unchanged: 
 Data sizes:     COMMON   BANK0   BANK1   BANK3   BANK2
      Params:         0       0       0       0       0
      Locals:         1       0       0       0       0
      Temps:          0       2       0       0       0
      Totals:         1       2       0       0       0
Total ram usage:        3 bytes
 Hardware stack levels used:    1
 Hardware stack levels required when called:    2
 This function calls:
		_LCDWrite
 This function is called by:
		_LCD_Initialize
		_LCDGoto
 This function uses a non-reentrant model


 *************** function _LCDWrite *****************
 Defined at:
		line 73 in file "lcd.c"
 Parameters:    Size  Location     Type
  ch              1    wreg     unsigned char 
  rs              1    4[COMMON] unsigned char 
 Auto vars:     Size  Location     Type
  ch              1    5[COMMON] unsigned char 
 Return value:  Size  Location     Type
                  1    wreg      void 
 Registers used:
		wreg, status,2, status,0
 Tracked objects:
		On entry : 
		On exit  : 
		Unchanged: 
 Data sizes:     COMMON   BANK0   BANK1   BANK3   BANK2
      Params:         1       0       0       0       0
      Locals:         1       0       0       0       0
      Temps:          0       0       0       0       0
      Totals:         2       0       0       0       0
Total ram usage:        2 bytes
 Hardware stack levels used:    1
 Hardware stack levels required when called:    1
 This function calls:
		Nothing
 This function is called by:
		_LCDPutChar
		_LCDPutCmd
 This function uses a non-reentrant model


 *************** function _myISR *****************
 Defined at:
		line 90 in file "MAESTRO.c"
 Parameters:    Size  Location     Type
		None
 Auto vars:     Size  Location     Type
		None
 Return value:  Size  Location     Type
                  1    wreg      void 
 Registers used:
		wreg, fsr0l, fsr0h, status,2, status,0
 Tracked objects:
		On entry : 
		On exit  : 
		Unchanged: 
 Data sizes:     COMMON   BANK0   BANK1   BANK3   BANK2
      Params:         0       0       0       0       0
      Locals:         0       0       0       0       0
      Temps:          4       0       0       0       0
      Totals:         4       0       0       0       0
Total ram usage:        4 bytes
 Hardware stack levels used:    1
 This function calls:
		Nothing
 This function is called by:
		Interrupt level 1
 This function uses a non-reentrant model



MODULE INFORMATION

Module		Function		Class		Link	Load	Size
C:\Program Files\Microchip\xc8\v2.31\pic\sources\c90\common\sprcmul.c
		___flmul       		CODE           	0026	0000	865

C:\Program Files\Microchip\xc8\v2.31\pic\sources\c90\common\sprcmul.c estimated size: 865

C:\Program Files\Microchip\xc8\v2.31\pic\sources\c90\common\sprcdiv.c
		___fldiv       		CODE           	0564	0000	477

C:\Program Files\Microchip\xc8\v2.31\pic\sources\c90\common\sprcdiv.c estimated size: 477

C:\Program Files\Microchip\xc8\v2.31\pic\sources\c90\common\Umul8_16.c
		__Umul8_16     		CODE           	0BB3	0000	41

C:\Program Files\Microchip\xc8\v2.31\pic\sources\c90\common\Umul8_16.c estimated size: 41

MAESTRO.c
		_myISR         		CODE           	0B6B	0000	33
		_main          		CODE           	0387	0000	477
		_Setup         		CODE           	0B4B	0000	32

MAESTRO.c estimated size: 542

C:\Program Files\Microchip\xc8\v2.31\pic\sources\c90\common\doprnt.c
		_sprintf       		CODE           	0E78	0000	392

C:\Program Files\Microchip\xc8\v2.31\pic\sources\c90\common\doprnt.c estimated size: 392

C:\Program Files\Microchip\xc8\v2.31\pic\sources\c90\common\lwmod.c
		___lwmod       		CODE           	0C6A	0000	60

C:\Program Files\Microchip\xc8\v2.31\pic\sources\c90\common\lwmod.c estimated size: 60

usart.c
		_USART_Initialize		CODE           	0CEC	0000	115

usart.c estimated size: 115

C:\Program Files\Microchip\xc8\v2.31\pic\sources\c90\common\Umul16.c
		___wmul        		CODE           	0B8C	0000	39

C:\Program Files\Microchip\xc8\v2.31\pic\sources\c90\common\Umul16.c estimated size: 39

C:\Program Files\Microchip\xc8\v2.31\pic\sources\c90\common\isdigit.c
		_isdigit       		CODE           	0B12	0000	18

C:\Program Files\Microchip\xc8\v2.31\pic\sources\c90\common\isdigit.c estimated size: 18

C:\Program Files\Microchip\xc8\v2.31\pic\sources\c90\common\lwdiv.c
		___lwdiv       		CODE           	0CA6	0000	70

C:\Program Files\Microchip\xc8\v2.31\pic\sources\c90\common\lwdiv.c estimated size: 70

shared
		__stringtab    		STRING         	0800	0000	16
		_dpowers       		STRING         	0810	0000	10
		__initialization		CODE           	0011	0000	17

shared estimated size: 43

C:\Program Files\Microchip\xc8\v2.31\pic\sources\c90\common\fltol.c
		___fltol       		CODE           	0D5F	0000	124

C:\Program Files\Microchip\xc8\v2.31\pic\sources\c90\common\fltol.c estimated size: 124

C:\Program Files\Microchip\xc8\v2.31\pic\sources\c90\common\xxtofl.c
		___xxtofl      		CODE           	0741	0000	188

C:\Program Files\Microchip\xc8\v2.31\pic\sources\c90\common\xxtofl.c estimated size: 188

C:\Program Files\Microchip\xc8\v2.31\pic\sources\c90\common\aldiv.c
		___aldiv       		CODE           	0DDB	0000	157

C:\Program Files\Microchip\xc8\v2.31\pic\sources\c90\common\aldiv.c estimated size: 157

lcd.c
		_LCDPutCmd     		CODE           	0B24	0000	19
		_LCDPutStr     		CODE           	0BDC	0000	45
		_LCDWrite      		CODE           	0B02	0000	16
		_LCDPutChar    		CODE           	0B37	0000	20
		_LCD_Initialize		CODE           	0C09	0000	48
		_LCDGoto       		CODE           	0C39	0000	49

lcd.c estimated size: 197

SPI.c
		_SPIMas        		CODE           	0AF6	0000	12

SPI.c estimated size: 12

